################################################################################
#                                                                              #
#      IAR Universal Linker V4.59Z/386                                         #
#                                                                              #
#           Link time     =  10/Feb/2008  00:02:21                             #
#           Target CPU    =  A90                                               #
#           List file     =  "C:\Documents and Settings\Serg\SERG_DOCUM\_œ–√–¿ #
#                            ÃÃ¿ »Õ—“»“”“\LABORATOR_WORKS\Lab_3_PWM_and_Butt\D #
#                            ebug\List\Lab_3_PWM_and_BUT.map"                  #
#           Output file 1 =  "C:\Documents and Settings\Serg\SERG_DOCUM\_œ–√–¿ #
#                            ÃÃ¿ »Õ—“»“”“\LABORATOR_WORKS\Lab_3_PWM_and_Butt\D #
#                            ebug\Exe\Lab_3_PWM_and_BUT.dbg"                   #
#                            Format: debug                                     #
#                            UBROF version 10.0.2                              #
#           Output file 2 =  "C:\Documents and Settings\Serg\SERG_DOCUM\_œ–√–¿ #
#                            ÃÃ¿ »Õ—“»“”“\LABORATOR_WORKS\Lab_3_PWM_and_Butt\D #
#                            ebug\Exe\Lab_3_PWM_and_BUT.hex"                   #
#                            Format: intel-extended                            #
#           Command line  =  "C:\Documents and Settings\Serg\SERG_DOCUM\_œ–√–¿ #
#                            ÃÃ¿ »Õ—“»“”“\LABORATOR_WORKS\Lab_3_PWM_and_Butt\D #
#                            ebug\Obj\INDIKATE.r90"                            #
#                            "C:\Documents and Settings\Serg\SERG_DOCUM\_œ–√–¿ #
#                            ÃÃ¿ »Õ—“»“”“\LABORATOR_WORKS\Lab_3_PWM_and_Butt\D #
#                            ebug\Obj\Kbrd.r90"                                #
#                            "C:\Documents and Settings\Serg\SERG_DOCUM\_œ–√–¿ #
#                            ÃÃ¿ »Õ—“»“”“\LABORATOR_WORKS\Lab_3_PWM_and_Butt\D #
#                            ebug\Obj\Timer_2_CNTRL.r90"                       #
#                            "C:\Documents and Settings\Serg\SERG_DOCUM\_œ–√–¿ #
#                            ÃÃ¿ »Õ—“»“”“\LABORATOR_WORKS\Lab_3_PWM_and_Butt\D #
#                            ebug\Obj\low_level_init.r90"                      #
#                            "C:\Documents and Settings\Serg\SERG_DOCUM\_œ–√–¿ #
#                            ÃÃ¿ »Õ—“»“”“\LABORATOR_WORKS\Lab_3_PWM_and_Butt\D #
#                            ebug\Obj\main_.r90"                               #
#                            "C:\Documents and Settings\Serg\SERG_DOCUM\_œ–√–¿ #
#                            ÃÃ¿ »Õ—“»“”“\LABORATOR_WORKS\Lab_3_PWM_and_Butt\D #
#                            ebug\Obj\show_fun.r90"                            #
#                            "C:\Documents and Settings\Serg\SERG_DOCUM\_œ–√–¿ #
#                            ÃÃ¿ »Õ—“»“”“\LABORATOR_WORKS\Lab_3_PWM_and_Butt\D #
#                            ebug\Obj\timer1.r90"                              #
#                            -o                                                #
#                            "C:\Documents and Settings\Serg\SERG_DOCUM\_œ–√–¿ #
#                            ÃÃ¿ »Õ—“»“”“\LABORATOR_WORKS\Lab_3_PWM_and_Butt\D #
#                            ebug\Exe\Lab_3_PWM_and_BUT.dbg"                   #
#                            -Fubrof -z -l                                     #
#                            "C:\Documents and Settings\Serg\SERG_DOCUM\_œ–√–¿ #
#                            ÃÃ¿ »Õ—“»“”“\LABORATOR_WORKS\Lab_3_PWM_and_Butt\D #
#                            ebug\List\Lab_3_PWM_and_BUT.map"                  #
#                            -xmsnio                                           #
#                            "-IC:\Program Files\IAR Systems\Embedded Workbenc #
#                            h 4.0 Evaluation\avr\LIB\"                        #
#                            -f                                                #
#                            "C:\Program Files\IAR Systems\Embedded Workbench  #
#                            4.0 Evaluation\avr\src\template\cfgm8.xcl"        #
#                            (-D_..X_INTVEC_SIZE=26 -D_..X_FLASH_NEND=1FFF     #
#                            -D_..X_FLASH_END=1FFF -D_..X_SRAM_BASE=60         #
#                            -D_..X_SRAM_TBASE=_..X_SRAM_BASE                  #
#                            -D_..X_SRAM_TSIZE=(100-_..X_SRAM_BASE)            #
#                            -D_..X_SRAM_END=45F                               #
#                            -D_..X_EXT_SRAM_BASE=_..X_SRAM_END                #
#                            -D_..X_EXT_SRAM_SIZE=0                            #
#                            -D_..X_EXT_ROM_BASE=_..X_SRAM_END                 #
#                            -D_..X_EXT_ROM_SIZE=0                             #
#                            -D_..X_EXT_NV_BASE=_..X_SRAM_END                  #
#                            -D_..X_EXT_NV_SIZE=0 -D_..X_EEPROM_END=1FF        #
#                            -D_..X_EEPROM_START=0) -D_..X_HEAP_SIZE=10        #
#                            -D_..X_TINY_HEAP_SIZE=0 -D_..X_NEAR_HEAP_SIZE=0   #
#                            -D_..X_FAR_HEAP_SIZE=0 -D_..X_HUGE_HEAP_SIZE=0    #
#                            -D_..X_CSTACK_SIZE=20 -D_..X_RSTACK_SIZE=20 -f    #
#                            "C:\Program Files\IAR Systems\Embedded Workbench  #
#                            4.0 Evaluation\avr\src\template\cfg1soim.xcl"     #
#                            (-ca90 -w29 -Z(CODE)INTVEC=0-_..X_INTVEC_SIZE     #
#                            -Z(CODE)TINY_F=_..X_FLASH_BASE-FF                 #
#                            -Z(CODE)NEAR_F=_..X_FLASH_BASE-_..X_FLASH_END     #
#                            -Z(CODE)SWITCH=_..X_FLASH_BASE-_..X_FLASH_END     #
#                            -Z(CODE)INITTAB=_..X_FLASH_BASE-_..X_FLASH_END    #
#                            -Z(CODE)DIFUNCT=_..X_FLASH_BASE-_..X_FLASH_END    #
#                            -Z(CODE)CODE=_..X_FLASH_BASE-_..X_FLASH_END       #
#                            -Z(CODE)TINY_ID=_..X_FLASH_BASE-_..X_FLASH_END    #
#                            -Z(CODE)NEAR_ID=_..X_FLASH_BASE-_..X_FLASH_END    #
#                            -Z(CODE)CHECKSUM#_..X_FLASH_END                   #
#                            -Z(DATA)TINY_I,TINY_Z,TINY_N=_..X_SRAM_TBASE:+_.. #
#                            X_SRAM_TSIZE                                      #
#                            -Z(DATA)CSTACK+_..X_CSTACK_SIZE=_..X_CSTACK_BASE- #
#                            _..X_CSTACK_END                                   #
#                            -Z(DATA)HEAP+_..X_HEAP_SIZE=_..X_SRAM_BASE-_..X_S #
#                            RAM_END                                           #
#                            -Z(DATA)IOSTREAM_N#_..X_SRAM_BASE-_..X_SRAM_END   #
#                            -Z(DATA)NEAR_HEAP+_..X_NEAR_HEAP_SIZE=_..X_SRAM_B #
#                            ASE-_..X_SRAM_END                                 #
#                            -Z(DATA)RSTACK+_..X_RSTACK_SIZE=_..X_RSTACK_BASE- #
#                            _..X_RSTACK_END                                   #
#                            -Z(DATA)NEAR_I,NEAR_Z,NEAR_N=_..X_SRAM_BASE-_..X_ #
#                            SRAM_END                                          #
#                            -Z(XDATA)EEPROM_I,EEPROM_N=_..X_EEPROM_START-_..X #
#                            _EEPROM_END)                                      #
#                            -D_..X_FLASH_BASE=_..X_INTVEC_SIZE -H1895         #
#                            -h(CODE)0-(_..X_INTVEC_SIZE-1)                    #
#                            -D_..X_CSTACK_BASE=_..X_SRAM_BASE                 #
#                            -D_..X_CSTACK_END=_..X_SRAM_END                   #
#                            -D_..X_RSTACK_BASE=_..X_SRAM_BASE                 #
#                            -D_..X_RSTACK_END=_..X_SRAM_END                   #
#                            "-Ointel-extended=C:\Documents and Settings\Serg\ #
#                            SERG_DOCUM\_œ–√–¿ÃÃ¿ »Õ—“»“”“\LABORATOR_WORKS\Lab #
#                            _3_PWM_and_Butt\Debug\Exe\Lab_3_PWM_and_BUT.hex"  #
#                            -s __program_start                                #
#                            "C:\Program Files\IAR Systems\Embedded Workbench  #
#                            4.0 Evaluation\avr\LIB\CLIB\cl1s-ec_mul.r90"      #
#                                                                              #
#                        Copyright 1987-2006 IAR Systems. All rights reserved. #
################################################################################





                ****************************************
                *                                      *
                *           CROSS REFERENCE            *
                *                                      *
                ****************************************

       Program entry at : CODE      00000000  Relocatable, from module : ?RESET




                ****************************************
                *                                      *
                *            RUNTIME MODEL             *
                *                                      *
                ****************************************

  __64bit_doubles = disabled
  __cpu           = 1
  __cpu_name      = ATmega8
  __enhanced_core = enabled
  __has_elpm      = false
  __memory_model  = 2
  __rt_version    = 3



                ****************************************
                *                                      *
                *              MODULE MAP              *
                *                                      *
                ****************************************


  DEFINED ABSOLUTE ENTRIES
  PROGRAM MODULE, NAME : ?ABS_ENTRY_MOD

Absolute parts
           ENTRY                   ADDRESS         REF BY
           =====                   =======         ======
           _..X_RSTACK_END         0000045F 
           _..X_RSTACK_BASE        00000060 
           _..X_CSTACK_END         0000045F 
           _..X_CSTACK_BASE        00000060 
           _..X_FLASH_BASE         00000026 
           _..X_RSTACK_SIZE        00000020 
           _..X_CSTACK_SIZE        00000020 
           _..X_HUGE_HEAP_SIZE     00000000 
           _..X_FAR_HEAP_SIZE      00000000 
           _..X_NEAR_HEAP_SIZE     00000000 
           _..X_TINY_HEAP_SIZE     00000000 
           _..X_HEAP_SIZE          00000010 
           _..X_EEPROM_START       00000000 
           _..X_EEPROM_END         000001FF 
           _..X_EXT_NV_SIZE        00000000 
           _..X_EXT_NV_BASE        0000045F 
           _..X_EXT_ROM_SIZE       00000000 
           _..X_EXT_ROM_BASE       0000045F 
           _..X_EXT_SRAM_SIZE      00000000 
           _..X_EXT_SRAM_BASE      0000045F 
           _..X_SRAM_END           0000045F 
           _..X_SRAM_TSIZE         000000A0 
           _..X_SRAM_TBASE         00000060 
           _..X_SRAM_BASE          00000060 
           _..X_FLASH_END          00001FFF 
           _..X_FLASH_NEND         00001FFF 
           _..X_INTVEC_SIZE        00000026 
    *************************************************************************

  FILE NAME : C:\Documents and Settings\Serg\SERG_DOCUM\_œ–√–¿ÃÃ¿ »Õ—“»“”“\LABORATOR_WORKS\Lab_3_PWM_and_Butt\Debug\Obj\INDIKATE.r90
  PROGRAM MODULE, NAME : INDIKATE

  SEGMENTS IN THE MODULE
  ======================
ABSOLUTE
  Relative segment, address: DATA 00000034 - 00000034 (0x1 bytes), align: 0
  Segment part 1. ROOT.
           ENTRY                   ADDRESS         REF BY
           =====                   =======         ======
           _A_DDRC                 00000034 
    -------------------------------------------------------------------------
ABSOLUTE
  Relative segment, address: DATA 00000035 - 00000035 (0x1 bytes), align: 0
  Segment part 2. ROOT.
           ENTRY                   ADDRESS         REF BY
           =====                   =======         ======
           _A_PORTC                00000035 
    -------------------------------------------------------------------------
NEAR_Z
  Relative segment, address: DATA 000000A0 - 000000A0 (0x1 bytes), align: 0
  Segment part 9.             Intra module refs:   ?Subroutine0
                                                   Indikate
           ENTRY                   ADDRESS         REF BY
           =====                   =======         ======
           IndikateVALUE           000000A0 
    -------------------------------------------------------------------------
CODE
  Relative segment, address: CODE 00000036, align: 1
  Segment part 13.
           ENTRY                   ADDRESS         REF BY
           =====                   =======         ======
           Set_INDIK_VAL           00000036        main (main_)
               stack 1 = 00000000 ( 00000002 )
    -------------------------------------------------------------------------
CODE
  Relative segment, address: CODE 00000036 - 0000003B (0x6 bytes), align: 1
  Segment part 14.            Intra module refs:   InitIndikate
                                                   Set_INDIK_VAL
           LOCAL                   ADDRESS         
           =====                   =======         
           ?Subroutine0            00000036 
    -------------------------------------------------------------------------
CODE
  Segment part 15. NOT NEEDED.
           ENTRY                   ADDRESS         REF BY
           =====                   =======         ======
           Get_INDIK_VAL           
               not allocated function
    -------------------------------------------------------------------------
NEAR_F
  Relative segment, address: CODE 00000026 - 0000002E (0x9 bytes), align: 0
  Segment part 11.            Intra module refs:   IndikateFN
           ENTRY                   ADDRESS         REF BY
           =====                   =======         ======
           IND_ARR                 00000026 
    -------------------------------------------------------------------------
CODE
  Relative segment, address: CODE 0000003C - 0000007D (0x42 bytes), align: 1
  Segment part 16.            Intra module refs:   Indikate
           ENTRY                   ADDRESS         REF BY
           =====                   =======         ======
           IndikateFN              0000003C 
               stack 1 = 00000000 ( 00000002 )
               stack 2 = 00000000 ( 00000004 )
    -------------------------------------------------------------------------
NEAR_Z
  Relative segment, address: DATA 000000A1 - 000000A2 (0x2 bytes), align: 0
  Segment part 12.            Intra module refs:   IndikateFN
           LOCAL                   ADDRESS         
           =====                   =======         
           IndikateFN::loc_val     000000A1 
           IndikateFN::mask        000000A2 
    -------------------------------------------------------------------------
CODE
  Relative segment, address: CODE 0000007E - 00000083 (0x6 bytes), align: 1
  Segment part 17.
           ENTRY                   ADDRESS         REF BY
           =====                   =======         ======
           Indikate                0000007E        main (main_)
               calls direct
               stack 1 = 00000000 ( 00000002 )
    -------------------------------------------------------------------------
CODE
  Relative segment, address: CODE 00000084 - 0000008B (0x8 bytes), align: 1
  Segment part 18.
           ENTRY                   ADDRESS         REF BY
           =====                   =======         ======
           InitIndikate            00000084        main (main_)
               stack 1 = 00000000 ( 00000002 )
    -------------------------------------------------------------------------
ABSOLUTE
  Relative segment, address: DATA 0000001C, align: 0
  Segment part 3. ROOT.
           ENTRY                   ADDRESS         REF BY
           =====                   =======         ======
           __?EECR                 0000001C 
    -------------------------------------------------------------------------
ABSOLUTE
  Relative segment, address: DATA 0000001D, align: 0
  Segment part 4. ROOT.
           ENTRY                   ADDRESS         REF BY
           =====                   =======         ======
           __?EEDR                 0000001D 
    -------------------------------------------------------------------------
ABSOLUTE
  Relative segment, address: DATA 0000001E, align: 0
  Segment part 5. ROOT.
           ENTRY                   ADDRESS         REF BY
           =====                   =======         ======
           __?EEARL                0000001E 
    -------------------------------------------------------------------------
ABSOLUTE
  Relative segment, address: DATA 0000001F, align: 0
  Segment part 6. ROOT.
           ENTRY                   ADDRESS         REF BY
           =====                   =======         ======
           __?EEARH                0000001F 
    -------------------------------------------------------------------------
CSTACK
  Segment part 7. NOT NEEDED.
    -------------------------------------------------------------------------
RSTACK
  Segment part 8. NOT NEEDED.
    -------------------------------------------------------------------------
INITTAB
  Relative segment, address: CODE 0000002F - 00000034 (0x6 bytes), align: 0
  Segment part 10.            Intra module refs:   IndikateVALUE
                                                   Segment part 12
                                                   Segment part 9 (Kbrd)
           ENTRY                   ADDRESS         REF BY
           =====                   =======         ======
           ?<Segment init: NEAR_Z>
                                   0000002F 

    *************************************************************************

  FILE NAME : C:\Documents and Settings\Serg\SERG_DOCUM\_œ–√–¿ÃÃ¿ »Õ—“»“”“\LABORATOR_WORKS\Lab_3_PWM_and_Butt\Debug\Obj\Kbrd.r90
  PROGRAM MODULE, NAME : Kbrd

  SEGMENTS IN THE MODULE
  ======================
ABSOLUTE
  Relative segment, address: DATA 00000033 - 00000033 (0x1 bytes), align: 0
  Segment part 1. ROOT.
           ENTRY                   ADDRESS         REF BY
           =====                   =======         ======
           _A_PINC                 00000033 
    -------------------------------------------------------------------------
ABSOLUTE
  Relative segment, address: DATA 0000005F - 0000005F (0x1 bytes), align: 0
  Segment part 2. ROOT.
           ENTRY                   ADDRESS         REF BY
           =====                   =======         ======
           _A_SREG                 0000005F 
    -------------------------------------------------------------------------
NEAR_Z
  Relative segment, address: DATA 000000A3 - 000000A5 (0x3 bytes), align: 0
  Segment part 9.             Intra module refs:   ChkKbrd
                                                   GetPrsCode
           LOCAL                   ADDRESS         
           =====                   =======         
           Countr_SW1              000000A4 
           Countr_SW2              000000A5 
           flags                   000000A3 
    -------------------------------------------------------------------------
CODE
  Relative segment, address: CODE 0000008C - 000000EF (0x64 bytes), align: 1
  Segment part 11.
           ENTRY                   ADDRESS         REF BY
           =====                   =======         ======
           ChkKbrd                 0000008C        main (main_)
               stack 1 = 00000000 ( 00000002 )
    -------------------------------------------------------------------------
CODE
  Relative segment, address: CODE 000000F0 - 0000012B (0x3c bytes), align: 1
  Segment part 12.
           ENTRY                   ADDRESS         REF BY
           =====                   =======         ======
           GetPrsCode              000000F0        main (main_)
               stack 1 = 00000000 ( 00000002 )
    -------------------------------------------------------------------------
ABSOLUTE
  Segment part 3. TENTATIVE. Used definition from INDIKATE
           ENTRY                   ADDRESS         REF BY
           =====                   =======         ======
           __?EECR                 
    -------------------------------------------------------------------------
ABSOLUTE
  Segment part 4. TENTATIVE. Used definition from INDIKATE
           ENTRY                   ADDRESS         REF BY
           =====                   =======         ======
           __?EEDR                 
    -------------------------------------------------------------------------
ABSOLUTE
  Segment part 5. TENTATIVE. Used definition from INDIKATE
           ENTRY                   ADDRESS         REF BY
           =====                   =======         ======
           __?EEARL                
    -------------------------------------------------------------------------
ABSOLUTE
  Segment part 6. TENTATIVE. Used definition from INDIKATE
           ENTRY                   ADDRESS         REF BY
           =====                   =======         ======
           __?EEARH                
    -------------------------------------------------------------------------
CSTACK
  Segment part 7. NOT NEEDED.
    -------------------------------------------------------------------------
RSTACK
  Segment part 8. NOT NEEDED.
    -------------------------------------------------------------------------
INITTAB
  Segment part 10. TENTATIVE. Used definition from INDIKATE
           ENTRY                   ADDRESS         REF BY
           =====                   =======         ======
           ?<Segment init: NEAR_Z>
                                   

    *************************************************************************

  FILE NAME : C:\Documents and Settings\Serg\SERG_DOCUM\_œ–√–¿ÃÃ¿ »Õ—“»“”“\LABORATOR_WORKS\Lab_3_PWM_and_Butt\Debug\Obj\Timer_2_CNTRL.r90
  PROGRAM MODULE, NAME : Timer_2_CNTRL

  SEGMENTS IN THE MODULE
  ======================
ABSOLUTE
  Relative segment, address: DATA 00000043 - 00000043 (0x1 bytes), align: 0
  Segment part 1. ROOT.
           ENTRY                   ADDRESS         REF BY
           =====                   =======         ======
           _A_OCR2                 00000043 
    -------------------------------------------------------------------------
ABSOLUTE
  Relative segment, address: DATA 00000044 - 00000044 (0x1 bytes), align: 0
  Segment part 2. ROOT.
           ENTRY                   ADDRESS         REF BY
           =====                   =======         ======
           _A_TCNT2                00000044 
    -------------------------------------------------------------------------
ABSOLUTE
  Relative segment, address: DATA 00000045 - 00000045 (0x1 bytes), align: 0
  Segment part 3. ROOT.
           ENTRY                   ADDRESS         REF BY
           =====                   =======         ======
           _A_TCCR2                00000045 
    -------------------------------------------------------------------------
ABSOLUTE
  Relative segment, address: DATA 00000058 - 00000058 (0x1 bytes), align: 0
  Segment part 4. ROOT.
           ENTRY                   ADDRESS         REF BY
           =====                   =======         ======
           _A_TIFR                 00000058 
    -------------------------------------------------------------------------
CODE
  Relative segment, address: CODE 0000012C - 0000013F (0x14 bytes), align: 1
  Segment part 11.
           ENTRY                   ADDRESS         REF BY
           =====                   =======         ======
           Timer2_INIT             0000012C        main (main_)
               stack 1 = 00000000 ( 00000002 )
    -------------------------------------------------------------------------
CODE
  Relative segment, address: CODE 00000140 - 00000151 (0x12 bytes), align: 1
  Segment part 12.
           ENTRY                   ADDRESS         REF BY
           =====                   =======         ======
           Timer2_CHECK            00000140        main (main_)
               stack 1 = 00000000 ( 00000002 )
    -------------------------------------------------------------------------
CODE
  Relative segment, address: CODE 00000152 - 00000155 (0x4 bytes), align: 1
  Segment part 13.
           ENTRY                   ADDRESS         REF BY
           =====                   =======         ======
           Timer2_START            00000152        main (main_)
               stack 1 = 00000000 ( 00000002 )
    -------------------------------------------------------------------------
CODE
  Relative segment, address: CODE 00000156 - 00000159 (0x4 bytes), align: 1
  Segment part 14.            Intra module refs:   Timer2_START
           LOCAL                   ADDRESS         
           =====                   =======         
           ?Subroutine0            00000156 
    -------------------------------------------------------------------------
CODE
  Segment part 15. NOT NEEDED.
           ENTRY                   ADDRESS         REF BY
           =====                   =======         ======
           Timer2_STOP             
               not allocated function
    -------------------------------------------------------------------------
ABSOLUTE
  Segment part 5. TENTATIVE. Used definition from INDIKATE
           ENTRY                   ADDRESS         REF BY
           =====                   =======         ======
           __?EECR                 
    -------------------------------------------------------------------------
ABSOLUTE
  Segment part 6. TENTATIVE. Used definition from INDIKATE
           ENTRY                   ADDRESS         REF BY
           =====                   =======         ======
           __?EEDR                 
    -------------------------------------------------------------------------
ABSOLUTE
  Segment part 7. TENTATIVE. Used definition from INDIKATE
           ENTRY                   ADDRESS         REF BY
           =====                   =======         ======
           __?EEARL                
    -------------------------------------------------------------------------
ABSOLUTE
  Segment part 8. TENTATIVE. Used definition from INDIKATE
           ENTRY                   ADDRESS         REF BY
           =====                   =======         ======
           __?EEARH                
    -------------------------------------------------------------------------
CSTACK
  Segment part 9. NOT NEEDED.
    -------------------------------------------------------------------------
RSTACK
  Segment part 10. NOT NEEDED.

    *************************************************************************

  FILE NAME : C:\Documents and Settings\Serg\SERG_DOCUM\_œ–√–¿ÃÃ¿ »Õ—“»“”“\LABORATOR_WORKS\Lab_3_PWM_and_Butt\Debug\Obj\low_level_init.r90
  PROGRAM MODULE, NAME : low_level_init

  SEGMENTS IN THE MODULE
  ======================
ABSOLUTE
  Relative segment, address: DATA 00000032 - 00000032 (0x1 bytes), align: 0
  Segment part 1. ROOT.
           ENTRY                   ADDRESS         REF BY
           =====                   =======         ======
           _A_PORTD                00000032 
    -------------------------------------------------------------------------
ABSOLUTE
  Segment part 2. TENTATIVE. Used definition from INDIKATE
           ENTRY                   ADDRESS         REF BY
           =====                   =======         ======
           _A_PORTC                
    -------------------------------------------------------------------------
ABSOLUTE
  Relative segment, address: DATA 00000038 - 00000038 (0x1 bytes), align: 0
  Segment part 3. ROOT.
           ENTRY                   ADDRESS         REF BY
           =====                   =======         ======
           _A_PORTB                00000038 
    -------------------------------------------------------------------------
CODE
  Relative segment, address: CODE 0000015A - 00000165 (0xc bytes), align: 1
  Segment part 10.
           ENTRY                   ADDRESS         REF BY
           =====                   =======         ======
           __low_level_init        0000015A        ?call_low_level_init (?C_STARTUP)
               stack 1 = 00000000 ( 00000002 )
    -------------------------------------------------------------------------
ABSOLUTE
  Segment part 4. TENTATIVE. Used definition from INDIKATE
           ENTRY                   ADDRESS         REF BY
           =====                   =======         ======
           __?EECR                 
    -------------------------------------------------------------------------
ABSOLUTE
  Segment part 5. TENTATIVE. Used definition from INDIKATE
           ENTRY                   ADDRESS         REF BY
           =====                   =======         ======
           __?EEDR                 
    -------------------------------------------------------------------------
ABSOLUTE
  Segment part 6. TENTATIVE. Used definition from INDIKATE
           ENTRY                   ADDRESS         REF BY
           =====                   =======         ======
           __?EEARL                
    -------------------------------------------------------------------------
ABSOLUTE
  Segment part 7. TENTATIVE. Used definition from INDIKATE
           ENTRY                   ADDRESS         REF BY
           =====                   =======         ======
           __?EEARH                
    -------------------------------------------------------------------------
CSTACK
  Segment part 8. NOT NEEDED.
    -------------------------------------------------------------------------
RSTACK
  Segment part 9. NOT NEEDED.

    *************************************************************************

  FILE NAME : C:\Documents and Settings\Serg\SERG_DOCUM\_œ–√–¿ÃÃ¿ »Õ—“»“”“\LABORATOR_WORKS\Lab_3_PWM_and_Butt\Debug\Obj\main_.r90
  PROGRAM MODULE, NAME : main_

  SEGMENTS IN THE MODULE
  ======================
ABSOLUTE
  Relative segment, address: DATA 0000004A - 0000004B (0x2 bytes), align: 0
  Segment part 1. ROOT.
           ENTRY                   ADDRESS         REF BY
           =====                   =======         ======
           _A_OCR1A                0000004A 
    -------------------------------------------------------------------------
CODE
  Relative segment, address: CODE 00000166 - 000001FB (0x96 bytes), align: 1
  Segment part 8.
           ENTRY                   ADDRESS         REF BY
           =====                   =======         ======
           main                    00000166        ?cstartup_call_main (?C_STARTUP)
               calls direct
               stack 1 = 00000000 ( 00000002 )
               stack 2 = 00000000 ( 00000002 )
    -------------------------------------------------------------------------
CODE
  Relative segment, address: CODE 000001FC - 00000201 (0x6 bytes), align: 1
  Segment part 9.             Intra module refs:   main
           LOCAL                   ADDRESS         
           =====                   =======         
           ?Subroutine0            000001FC 
    -------------------------------------------------------------------------
ABSOLUTE
  Segment part 2. TENTATIVE. Used definition from INDIKATE
           ENTRY                   ADDRESS         REF BY
           =====                   =======         ======
           __?EECR                 
    -------------------------------------------------------------------------
ABSOLUTE
  Segment part 3. TENTATIVE. Used definition from INDIKATE
           ENTRY                   ADDRESS         REF BY
           =====                   =======         ======
           __?EEDR                 
    -------------------------------------------------------------------------
ABSOLUTE
  Segment part 4. TENTATIVE. Used definition from INDIKATE
           ENTRY                   ADDRESS         REF BY
           =====                   =======         ======
           __?EEARL                
    -------------------------------------------------------------------------
ABSOLUTE
  Segment part 5. TENTATIVE. Used definition from INDIKATE
           ENTRY                   ADDRESS         REF BY
           =====                   =======         ======
           __?EEARH                
    -------------------------------------------------------------------------
CSTACK
  Segment part 6. NOT NEEDED.
    -------------------------------------------------------------------------
RSTACK
  Segment part 7. NOT NEEDED.

    *************************************************************************

  FILE NAME : C:\Documents and Settings\Serg\SERG_DOCUM\_œ–√–¿ÃÃ¿ »Õ—“»“”“\LABORATOR_WORKS\Lab_3_PWM_and_Butt\Debug\Obj\show_fun.r90
  PROGRAM MODULE, NAME : show_fun

  SEGMENTS IN THE MODULE
  ======================
ABSOLUTE
  Relative segment, address: DATA 00000037 - 00000037 (0x1 bytes), align: 0
  Segment part 1. ROOT.
           ENTRY                   ADDRESS         REF BY
           =====                   =======         ======
           _A_DDRB                 00000037 
    -------------------------------------------------------------------------
ABSOLUTE
  Segment part 2. TENTATIVE. Used definition from low_level_init
           ENTRY                   ADDRESS         REF BY
           =====                   =======         ======
           _A_PORTB                
    -------------------------------------------------------------------------
CODE
  Relative segment, address: CODE 00000202 - 00000203 (0x2 bytes), align: 1
  Segment part 9.
           ENTRY                   ADDRESS         REF BY
           =====                   =======         ======
           show_init               00000202        main (main_)
               stack 1 = 00000000 ( 00000002 )
    -------------------------------------------------------------------------
CODE
  Relative segment, address: CODE 00000204 - 00000207 (0x4 bytes), align: 1
  Segment part 10.            Intra module refs:   show_init
                                                   show_result
           LOCAL                   ADDRESS         
           =====                   =======         
           ?Subroutine0            00000204 
    -------------------------------------------------------------------------
CODE
  Relative segment, address: CODE 00000208 - 00000241 (0x3a bytes), align: 1
  Segment part 11.
           ENTRY                   ADDRESS         REF BY
           =====                   =======         ======
           show_result             00000208        main (main_)
               stack 1 = 00000000 ( 00000002 )
    -------------------------------------------------------------------------
ABSOLUTE
  Segment part 3. TENTATIVE. Used definition from INDIKATE
           ENTRY                   ADDRESS         REF BY
           =====                   =======         ======
           __?EECR                 
    -------------------------------------------------------------------------
ABSOLUTE
  Segment part 4. TENTATIVE. Used definition from INDIKATE
           ENTRY                   ADDRESS         REF BY
           =====                   =======         ======
           __?EEDR                 
    -------------------------------------------------------------------------
ABSOLUTE
  Segment part 5. TENTATIVE. Used definition from INDIKATE
           ENTRY                   ADDRESS         REF BY
           =====                   =======         ======
           __?EEARL                
    -------------------------------------------------------------------------
ABSOLUTE
  Segment part 6. TENTATIVE. Used definition from INDIKATE
           ENTRY                   ADDRESS         REF BY
           =====                   =======         ======
           __?EEARH                
    -------------------------------------------------------------------------
CSTACK
  Segment part 7. NOT NEEDED.
    -------------------------------------------------------------------------
RSTACK
  Segment part 8. NOT NEEDED.

    *************************************************************************

  FILE NAME : C:\Documents and Settings\Serg\SERG_DOCUM\_œ–√–¿ÃÃ¿ »Õ—“»“”“\LABORATOR_WORKS\Lab_3_PWM_and_Butt\Debug\Obj\timer1.r90
  PROGRAM MODULE, NAME : timer1

  SEGMENTS IN THE MODULE
  ======================
ABSOLUTE
  Segment part 1. TENTATIVE. Used definition from show_fun
           ENTRY                   ADDRESS         REF BY
           =====                   =======         ======
           _A_DDRB                 
    -------------------------------------------------------------------------
ABSOLUTE
  Segment part 2. TENTATIVE. Used definition from low_level_init
           ENTRY                   ADDRESS         REF BY
           =====                   =======         ======
           _A_PORTB                
    -------------------------------------------------------------------------
ABSOLUTE
  Relative segment, address: DATA 00000046 - 00000047 (0x2 bytes), align: 0
  Segment part 3. ROOT.
           ENTRY                   ADDRESS         REF BY
           =====                   =======         ======
           _A_ICR1                 00000046 
    -------------------------------------------------------------------------
ABSOLUTE
  Segment part 4. TENTATIVE. Used definition from main_
           ENTRY                   ADDRESS         REF BY
           =====                   =======         ======
           _A_OCR1A                
    -------------------------------------------------------------------------
ABSOLUTE
  Relative segment, address: DATA 0000004C - 0000004D (0x2 bytes), align: 0
  Segment part 5. ROOT.
           ENTRY                   ADDRESS         REF BY
           =====                   =======         ======
           _A_TCNT1                0000004C 
    -------------------------------------------------------------------------
ABSOLUTE
  Relative segment, address: DATA 0000004E - 0000004E (0x1 bytes), align: 0
  Segment part 6. ROOT.
           ENTRY                   ADDRESS         REF BY
           =====                   =======         ======
           _A_TCCR1B               0000004E 
    -------------------------------------------------------------------------
ABSOLUTE
  Relative segment, address: DATA 0000004F - 0000004F (0x1 bytes), align: 0
  Segment part 7. ROOT.
           ENTRY                   ADDRESS         REF BY
           =====                   =======         ======
           _A_TCCR1A               0000004F 
    -------------------------------------------------------------------------
CODE
  Relative segment, address: CODE 00000242 - 00000267 (0x26 bytes), align: 1
  Segment part 14.
           ENTRY                   ADDRESS         REF BY
           =====                   =======         ======
           Init_TimerT1            00000242        main (main_)
               stack 1 = 00000000 ( 00000002 )
    -------------------------------------------------------------------------
ABSOLUTE
  Segment part 8. TENTATIVE. Used definition from INDIKATE
           ENTRY                   ADDRESS         REF BY
           =====                   =======         ======
           __?EECR                 
    -------------------------------------------------------------------------
ABSOLUTE
  Segment part 9. TENTATIVE. Used definition from INDIKATE
           ENTRY                   ADDRESS         REF BY
           =====                   =======         ======
           __?EEDR                 
    -------------------------------------------------------------------------
ABSOLUTE
  Segment part 10. TENTATIVE. Used definition from INDIKATE
           ENTRY                   ADDRESS         REF BY
           =====                   =======         ======
           __?EEARL                
    -------------------------------------------------------------------------
ABSOLUTE
  Segment part 11. TENTATIVE. Used definition from INDIKATE
           ENTRY                   ADDRESS         REF BY
           =====                   =======         ======
           __?EEARH                
    -------------------------------------------------------------------------
CSTACK
  Segment part 12. NOT NEEDED.
    -------------------------------------------------------------------------
RSTACK
  Segment part 13. NOT NEEDED.

    *************************************************************************

  FILE NAME : C:\Program Files\IAR Systems\Embedded Workbench 4.0 Evaluation\avr\LIB\CLIB\cl1s-ec_mul.r90
  LIBRARY MODULE, NAME : ?__exit

  SEGMENTS IN THE MODULE
  ======================
CODE
  Relative segment, address: CODE 00000268 - 0000026D (0x6 bytes), align: 1
  Segment part 0.
           ENTRY                   ADDRESS         REF BY
           =====                   =======         ======
           __exit                  0000026A 
           ?C_EXIT                 0000026A 
           ?C_FUNCALL              00000268 
           _exit                   00000268        ?cstartup_call_main (?C_STARTUP)
           exit                    00000268        ?cstartup_call_main (?C_STARTUP)

    -------------------------------------------------------------------------
  LIBRARY MODULE, NAME : ?RESET

  SEGMENTS IN THE MODULE
  ======================
INTVEC
  Common segment, address: CODE 00000000 - 00000001 (0x2 bytes), align: 1
  Segment part 0. ROOT.
           ENTRY                   ADDRESS         REF BY
           =====                   =======         ======
           __program_start         00000000        Absolute parts (?ABS_ENTRY_MOD)
           ?RESET                  00000000        Segment part 2 (?C_STARTUP)

    -------------------------------------------------------------------------
  LIBRARY MODULE, NAME : ?C_STARTUP

  SEGMENTS IN THE MODULE
  ======================
CSTACK
  Segment part 0. NOT NEEDED.
    -------------------------------------------------------------------------
RSTACK
  Segment part 1. NOT NEEDED.
    -------------------------------------------------------------------------
CODE
  Relative segment, address: CODE 0000026E, align: 1
  Segment part 2.
           ENTRY                   ADDRESS         REF BY
           =====                   =======         ======
           ?C_STARTUP              0000026E        Segment part 0 (?RESET)
           __RESTART               0000026E 
    -------------------------------------------------------------------------
CODE
  Segment part 3. NOT NEEDED.
           ENTRY                   ADDRESS         REF BY
           =====                   =======         ======
           __RSTACK_in_external_ram
                                   
    -------------------------------------------------------------------------
CODE
  Segment part 4. NOT NEEDED.
           ENTRY                   ADDRESS         REF BY
           =====                   =======         ======
           __RSTACK_in_external_ram_new_way
                                   
    -------------------------------------------------------------------------
CODE
  Relative segment, address: CODE 0000026E - 00000279 (0xc bytes), align: 1
  Segment part 5.             Intra module refs:   Segment part 2
    -------------------------------------------------------------------------
CODE
  Segment part 6. NOT NEEDED.
           ENTRY                   ADDRESS         REF BY
           =====                   =======         ======
           ?zero_reg_initialization
                                   
    -------------------------------------------------------------------------
CODE
  Relative segment, address: CODE 0000027A - 0000027B (0x2 bytes), align: 1
  Segment part 7.             Intra module refs:   Segment part 5
           ENTRY                   ADDRESS         REF BY
           =====                   =======         ======
           ?call_low_level_init    0000027A 
    -------------------------------------------------------------------------
CODE
  Relative segment, address: CODE 0000027C - 00000281 (0x6 bytes), align: 1
  Segment part 8.
           ENTRY                   ADDRESS         REF BY
           =====                   =======         ======
           ?need_segment_init      0000027C        ?<Segment init: NEAR_Z> (INDIKATE)
    -------------------------------------------------------------------------
CODE
  Relative segment, address: CODE 00000282 - 00000287 (0x6 bytes), align: 1
  Segment part 9.             Intra module refs:   ?call_low_level_init
           ENTRY                   ADDRESS         REF BY
           =====                   =======         ======
           ?cstartup_call_main     00000282 

    -------------------------------------------------------------------------
  LIBRARY MODULE, NAME : ?PROLOGUE_L09

  SEGMENTS IN THE MODULE
  ======================
CODE
  Segment part 0. NOT NEEDED.
           ENTRY                   ADDRESS         REF BY
           =====                   =======         ======
           ?PROLOGUE16_L09         
    -------------------------------------------------------------------------
CODE
  Segment part 1. NOT NEEDED.
           ENTRY                   ADDRESS         REF BY
           =====                   =======         ======
           ?PROLOGUE15_L09         
    -------------------------------------------------------------------------
CODE
  Segment part 2. NOT NEEDED.
           ENTRY                   ADDRESS         REF BY
           =====                   =======         ======
           ?PROLOGUE14_L09         
    -------------------------------------------------------------------------
CODE
  Segment part 3. NOT NEEDED.
           ENTRY                   ADDRESS         REF BY
           =====                   =======         ======
           ?PROLOGUE13_L09         
    -------------------------------------------------------------------------
CODE
  Segment part 4. NOT NEEDED.
           ENTRY                   ADDRESS         REF BY
           =====                   =======         ======
           ?PROLOGUE12_L09         
    -------------------------------------------------------------------------
CODE
  Segment part 5. NOT NEEDED.
           ENTRY                   ADDRESS         REF BY
           =====                   =======         ======
           ?PROLOGUE11_L09         
    -------------------------------------------------------------------------
CODE
  Segment part 6. NOT NEEDED.
           ENTRY                   ADDRESS         REF BY
           =====                   =======         ======
           ?PROLOGUE10_L09         
    -------------------------------------------------------------------------
CODE
  Segment part 7. NOT NEEDED.
           ENTRY                   ADDRESS         REF BY
           =====                   =======         ======
           ?PROLOGUE9_L09          
    -------------------------------------------------------------------------
CODE
  Segment part 8. NOT NEEDED.
           ENTRY                   ADDRESS         REF BY
           =====                   =======         ======
           ?PROLOGUE8_L09          
    -------------------------------------------------------------------------
CODE
  Segment part 9. NOT NEEDED.
           ENTRY                   ADDRESS         REF BY
           =====                   =======         ======
           ?PROLOGUE7_L09          
    -------------------------------------------------------------------------
CODE
  Segment part 10. NOT NEEDED.
           ENTRY                   ADDRESS         REF BY
           =====                   =======         ======
           ?PROLOGUE6_L09          
    -------------------------------------------------------------------------
CODE
  Segment part 11. NOT NEEDED.
           ENTRY                   ADDRESS         REF BY
           =====                   =======         ======
           ?PROLOGUE5_L09          
    -------------------------------------------------------------------------
CODE
  Relative segment, address: CODE 00000288 - 00000289 (0x2 bytes), align: 1
  Segment part 12.
           ENTRY                   ADDRESS         REF BY
           =====                   =======         ======
           ?PROLOGUE4_L09          00000288        IndikateFN (INDIKATE)
    -------------------------------------------------------------------------
CODE
  Relative segment, address: CODE 0000028A - 0000028B (0x2 bytes), align: 1
  Segment part 13.            Intra module refs:   ?PROLOGUE4_L09
           ENTRY                   ADDRESS         REF BY
           =====                   =======         ======
           ?PROLOGUE3_L09          0000028A 
    -------------------------------------------------------------------------
CODE
  Relative segment, address: CODE 0000028C - 0000028D (0x2 bytes), align: 1
  Segment part 14.            Intra module refs:   ?PROLOGUE3_L09
           ENTRY                   ADDRESS         REF BY
           =====                   =======         ======
           ?PROLOGUE2_L09          0000028C        main (main_)
    -------------------------------------------------------------------------
CODE
  Relative segment, address: CODE 0000028E - 0000028F (0x2 bytes), align: 1
  Segment part 15.            Intra module refs:   ?PROLOGUE2_L09
           ENTRY                   ADDRESS         REF BY
           =====                   =======         ======
           ?PROLOGUE1_L09          0000028E 
    -------------------------------------------------------------------------
CODE
  Relative segment, address: CODE 00000290 - 00000291 (0x2 bytes), align: 1
  Segment part 16.            Intra module refs:   ?PROLOGUE1_L09

    -------------------------------------------------------------------------
  LIBRARY MODULE, NAME : ?EPILOGUE_B_L09

  SEGMENTS IN THE MODULE
  ======================
CODE
  Segment part 0. NOT NEEDED.
           ENTRY                   ADDRESS         REF BY
           =====                   =======         ======
           ?EPILOGUE_B16_L09       
    -------------------------------------------------------------------------
CODE
  Segment part 1. NOT NEEDED.
           ENTRY                   ADDRESS         REF BY
           =====                   =======         ======
           ?EPILOGUE_B15_L09       
    -------------------------------------------------------------------------
CODE
  Segment part 2. NOT NEEDED.
           ENTRY                   ADDRESS         REF BY
           =====                   =======         ======
           ?EPILOGUE_B14_L09       
    -------------------------------------------------------------------------
CODE
  Segment part 3. NOT NEEDED.
           ENTRY                   ADDRESS         REF BY
           =====                   =======         ======
           ?EPILOGUE_B13_L09       
    -------------------------------------------------------------------------
CODE
  Segment part 4. NOT NEEDED.
           ENTRY                   ADDRESS         REF BY
           =====                   =======         ======
           ?EPILOGUE_B12_L09       
    -------------------------------------------------------------------------
CODE
  Segment part 5. NOT NEEDED.
           ENTRY                   ADDRESS         REF BY
           =====                   =======         ======
           ?EPILOGUE_B11_L09       
    -------------------------------------------------------------------------
CODE
  Segment part 6. NOT NEEDED.
           ENTRY                   ADDRESS         REF BY
           =====                   =======         ======
           ?EPILOGUE_B10_L09       
    -------------------------------------------------------------------------
CODE
  Segment part 7. NOT NEEDED.
           ENTRY                   ADDRESS         REF BY
           =====                   =======         ======
           ?EPILOGUE_B9_L09        
    -------------------------------------------------------------------------
CODE
  Segment part 8. NOT NEEDED.
           ENTRY                   ADDRESS         REF BY
           =====                   =======         ======
           ?EPILOGUE_B8_L09        
    -------------------------------------------------------------------------
CODE
  Segment part 9. NOT NEEDED.
           ENTRY                   ADDRESS         REF BY
           =====                   =======         ======
           ?EPILOGUE_B7_L09        
    -------------------------------------------------------------------------
CODE
  Segment part 10. NOT NEEDED.
           ENTRY                   ADDRESS         REF BY
           =====                   =======         ======
           ?EPILOGUE_B6_L09        
    -------------------------------------------------------------------------
CODE
  Segment part 11. NOT NEEDED.
           ENTRY                   ADDRESS         REF BY
           =====                   =======         ======
           ?EPILOGUE_B5_L09        
    -------------------------------------------------------------------------
CODE
  Relative segment, address: CODE 00000292 - 00000293 (0x2 bytes), align: 1
  Segment part 12.
           ENTRY                   ADDRESS         REF BY
           =====                   =======         ======
           ?EPILOGUE_B4_L09        00000292        IndikateFN (INDIKATE)
    -------------------------------------------------------------------------
CODE
  Relative segment, address: CODE 00000294 - 00000295 (0x2 bytes), align: 1
  Segment part 13.            Intra module refs:   ?EPILOGUE_B4_L09
           ENTRY                   ADDRESS         REF BY
           =====                   =======         ======
           ?EPILOGUE_B3_L09        00000294 
    -------------------------------------------------------------------------
CODE
  Relative segment, address: CODE 00000296 - 00000297 (0x2 bytes), align: 1
  Segment part 14.            Intra module refs:   ?EPILOGUE_B3_L09
           ENTRY                   ADDRESS         REF BY
           =====                   =======         ======
           ?EPILOGUE_B2_L09        00000296 
    -------------------------------------------------------------------------
CODE
  Relative segment, address: CODE 00000298 - 00000299 (0x2 bytes), align: 1
  Segment part 15.            Intra module refs:   ?EPILOGUE_B2_L09
           ENTRY                   ADDRESS         REF BY
           =====                   =======         ======
           ?EPILOGUE_B1_L09        00000298 
    -------------------------------------------------------------------------
CODE
  Relative segment, address: CODE 0000029A - 000002A7 (0xe bytes), align: 1
  Segment part 16.            Intra module refs:   ?EPILOGUE_B1_L09
           ENTRY                   ADDRESS         REF BY
           =====                   =======         ======
           ?EPILOGUE_B0_L09        0000029A 

    -------------------------------------------------------------------------
  LIBRARY MODULE, NAME : ?segment_init

  SEGMENTS IN THE MODULE
  ======================
CODE
  Relative segment, address: CODE 000002A8 - 000002AF (0x8 bytes), align: 1
  Segment part 3.             Intra module refs:   __segment_init
           LOCAL                   ADDRESS         
           =====                   =======         
           __memclr                000002A8 
               stack 1 = 00000000 ( 00000002 )
    -------------------------------------------------------------------------
CODE
  Relative segment, address: CODE 000002B0 - 000002B7 (0x8 bytes), align: 1
  Segment part 4.             Intra module refs:   __segment_init
           LOCAL                   ADDRESS         
           =====                   =======         
           __flashcpy              000002B0 
               stack 1 = 00000000 ( 00000002 )
    -------------------------------------------------------------------------
CODE
  Relative segment, address: CODE 000002B8 - 000002C3 (0xc bytes), align: 1
  Segment part 5.             Intra module refs:   __flashcpy
                                                   __memclr
    -------------------------------------------------------------------------
CODE
  Relative segment, address: CODE 000002C4 - 000002F7 (0x34 bytes), align: 1
  Segment part 6.
           ENTRY                   ADDRESS         REF BY
           =====                   =======         ======
           __segment_init          000002C4        ?need_segment_init (?C_STARTUP)
               calls direct
               stack 1 = 00000000 ( 00000002 )
    -------------------------------------------------------------------------
CSTACK
  Segment part 1. NOT NEEDED.
    -------------------------------------------------------------------------
RSTACK
  Segment part 2. NOT NEEDED.
    -------------------------------------------------------------------------
INITTAB
  Segment part 7. NOT NEEDED.

    *************************************************************************

  DEFINED ABSOLUTE ENTRIES
  PROGRAM MODULE, NAME : ?FILLER_BYTES

  SEGMENTS IN THE MODULE
  ======================
INTVEC
  Common segment, address: CODE 00000000 - 00000001 (0x2 bytes), align: 0
  Segment part 1.
    -------------------------------------------------------------------------
?FILL1
  Relative segment, address: CODE 00000002 - 00000025 (0x24 bytes), align: 0
  Segment part 0.




                ****************************************
                *                                      *
                *            MODULE SUMMARY            *
                *                                      *
                ****************************************

Module               CODE      DATA
------               ----      ----
                    (Rel)  (Rel)  (Abs)
?C_STARTUP             26
?EPILOGUE_B_L09        22
?FILLER_BYTES          36
  + common              2
?PROLOGUE_L09          10
?RESET
  + common              2
?__exit                 6
?segment_init          80
INDIKATE               95      3      1
  + shared              6             1
Kbrd                  160      3      2
Timer_2_CNTRL          46             4
low_level_init         12             1
  + shared                            1
main_                 156
  + shared                            2
show_fun               64
  + shared                            1
timer1                 38             6
N/A (command line)            64
N/A (alignment)
----------            ---     --     --
Total:                757     70     19
  + common              2


                ****************************************
                *                                      *
                *              CALL GRAPH              *
                *                                      *
                ****************************************

  ->Sub-tree of type: Function tree
                             RSTACK   CSTACK
    | Stack used (prev) :  00000000 00000000
  01  __low_level_init
      | Stack used (prev) :  00000000 00000000
      | + function block  :  00000002 00000000
  <-Sub-tree of type: Function tree
    | Stack used          :  00000002 00000000


  ->Sub-tree of type: Function tree
                             RSTACK   CSTACK
    | Stack used (prev) :  00000002 00000000
  02    Init_TimerT1
        | Stack used (prev) :  00000002 00000000
        | + function block  :  00000002 00000000
  02    show_result
        | Stack used (prev) :  00000002 00000000
        | + function block  :  00000002 00000000
  02    show_init
        | Stack used (prev) :  00000002 00000000
        | + function block  :  00000002 00000000
  02    Timer2_START
        | Stack used (prev) :  00000002 00000000
        | + function block  :  00000002 00000000
  02    Timer2_CHECK
        | Stack used (prev) :  00000002 00000000
        | + function block  :  00000002 00000000
  02    Timer2_INIT
        | Stack used (prev) :  00000002 00000000
        | + function block  :  00000002 00000000
  02    GetPrsCode
        | Stack used (prev) :  00000002 00000000
        | + function block  :  00000002 00000000
  02    ChkKbrd
        | Stack used (prev) :  00000002 00000000
        | + function block  :  00000002 00000000
  02    InitIndikate
        | Stack used (prev) :  00000002 00000000
        | + function block  :  00000002 00000000
  03      IndikateFN
          | Stack used (prev) :  00000002 00000000
          | + function block  :  00000002 00000004
  02    Indikate
        | Stack used (prev) :  00000004 00000004
        | + function block  :  00000002 00000000
  02    Set_INDIK_VAL
        | Stack used (prev) :  00000002 00000000
        | + function block  :  00000002 00000000
  01  main
      | Stack used (prev) :  00000006 00000004
      | + function block  :  00000002 00000002
  <-Sub-tree of type: Function tree
    | Stack used          :  00000008 00000006


  ->Sub-tree of type: Function tree
                             RSTACK   CSTACK
    | Stack used (prev) :  00000008 00000006
  02    __flashcpy
        | Stack used (prev) :  00000008 00000006
        | + function block  :  00000002 00000000
  02    __memclr
        | Stack used (prev) :  00000008 00000006
        | + function block  :  00000002 00000000
  01  __segment_init
      | Stack used (prev) :  0000000A 00000006
      | + function block  :  00000002 00000000
  <-Sub-tree of type: Function tree
    | Stack used          :  0000000C 00000006




                ****************************************
                *                                      *
                *      SEGMENTS IN ADDRESS ORDER       *
                *                                      *
                ****************************************


SEGMENT              SPACE    START ADDRESS   END ADDRESS     SIZE  TYPE  ALIGN
=======              =====    =============   ===========     ====  ====  =====
INTVEC               CODE          00000000 - 00000001           2   com    1
?FILL1               CODE          00000002 - 00000025          24   rel    0
NEAR_F               CODE          00000026 - 0000002E           9   rel    0
INITTAB              CODE          0000002F - 00000034           6   rel    0
CODE                 CODE          00000036 - 000002F7         2C2   rel    1
ABSOLUTE             DATA               0000001C                     rel    0
                     DATA               0000001D                   
                     DATA               0000001E                   
                     DATA               0000001F                   
                     DATA          00000032 - 00000035           4 
                     DATA          00000037 - 00000038           2 
                     DATA          00000043 - 00000047           5 
                     DATA          0000004A - 0000004F           6 
                     DATA          00000058 - 00000058           1 
                     DATA          0000005F - 0000005F           1 
CSTACK               DATA          00000060 - 0000007F          20   dse    0
RSTACK               DATA          00000080 - 0000009F          20   dse    0
NEAR_I               DATA               000000A0                     dse    0
NEAR_Z               DATA          000000A0 - 000000A5           6   rel    0

                ****************************************
                *                                      *
                *        END OF CROSS REFERENCE        *
                *                                      *
                ****************************************

 723 bytes of CODE memory (+             36 range fill )
  70 bytes of DATA memory (+ 19 absolute )

Errors: none
Warnings: none

