################################################################################
#                                                                              #
#      IAR Universal Linker V4.59Z/386                                         #
#                                                                              #
#           Link time     =  29/Feb/2008  23:14:16                             #
#           Target CPU    =  A90                                               #
#           List file     =  "C:\Documents and Settings\Serg\SERG_DOCUM\_ÏÐÃÐÀ #
#                            ÌÌÀ ÈÍÑÒÈÒÓÒ\LABORATOR_WORKS\Lab_1_DIGIT_IO\Debug #
#                            \List\Dig_IO.map"                                 #
#           Output file 1 =  "C:\Documents and Settings\Serg\SERG_DOCUM\_ÏÐÃÐÀ #
#                            ÌÌÀ ÈÍÑÒÈÒÓÒ\LABORATOR_WORKS\Lab_1_DIGIT_IO\Debug #
#                            \Exe\Dig_IO.dbg"                                  #
#                            Format: debug                                     #
#                            UBROF version 10.0.2                              #
#           Output file 2 =  "C:\Documents and Settings\Serg\SERG_DOCUM\_ÏÐÃÐÀ #
#                            ÌÌÀ ÈÍÑÒÈÒÓÒ\LABORATOR_WORKS\Lab_1_DIGIT_IO\Debug #
#                            \Exe\Dig_IO.hex"                                  #
#                            Format: intel-extended                            #
#           Command line  =  "C:\Documents and Settings\Serg\SERG_DOCUM\_ÏÐÃÐÀ #
#                            ÌÌÀ ÈÍÑÒÈÒÓÒ\LABORATOR_WORKS\Lab_1_DIGIT_IO\Debug #
#                            \Obj\main.r90"                                    #
#                            -o                                                #
#                            "C:\Documents and Settings\Serg\SERG_DOCUM\_ÏÐÃÐÀ #
#                            ÌÌÀ ÈÍÑÒÈÒÓÒ\LABORATOR_WORKS\Lab_1_DIGIT_IO\Debug #
#                            \Exe\Dig_IO.dbg"                                  #
#                            -Fubrof -z -l                                     #
#                            "C:\Documents and Settings\Serg\SERG_DOCUM\_ÏÐÃÐÀ #
#                            ÌÌÀ ÈÍÑÒÈÒÓÒ\LABORATOR_WORKS\Lab_1_DIGIT_IO\Debug #
#                            \List\Dig_IO.map"                                 #
#                            -xmsnio                                           #
#                            "-IC:\Program Files\IAR Systems\Embedded Workbenc #
#                            h 4.0 Evaluation\avr\LIB\"                        #
#                            -f                                                #
#                            "C:\Program Files\IAR Systems\Embedded Workbench  #
#                            4.0 Evaluation\avr\src\template\cfgm8.xcl"        #
#                            (-D_..X_INTVEC_SIZE=26 -D_..X_FLASH_NEND=1FFF     #
#                            -D_..X_FLASH_END=1FFF -D_..X_SRAM_BASE=60         #
#                            -D_..X_SRAM_TBASE=_..X_SRAM_BASE                  #
#                            -D_..X_SRAM_TSIZE=(100-_..X_SRAM_BASE)            #
#                            -D_..X_SRAM_END=45F                               #
#                            -D_..X_EXT_SRAM_BASE=_..X_SRAM_END                #
#                            -D_..X_EXT_SRAM_SIZE=0                            #
#                            -D_..X_EXT_ROM_BASE=_..X_SRAM_END                 #
#                            -D_..X_EXT_ROM_SIZE=0                             #
#                            -D_..X_EXT_NV_BASE=_..X_SRAM_END                  #
#                            -D_..X_EXT_NV_SIZE=0 -D_..X_EEPROM_END=1FF        #
#                            -D_..X_EEPROM_START=0) -D_..X_HEAP_SIZE=10        #
#                            -D_..X_TINY_HEAP_SIZE=0 -D_..X_NEAR_HEAP_SIZE=0   #
#                            -D_..X_FAR_HEAP_SIZE=0 -D_..X_HUGE_HEAP_SIZE=0    #
#                            -D_..X_CSTACK_SIZE=20 -D_..X_RSTACK_SIZE=20 -f    #
#                            "C:\Program Files\IAR Systems\Embedded Workbench  #
#                            4.0 Evaluation\avr\src\template\cfg1toim.xcl"     #
#                            (-ca90 -w29                                       #
#                            -Z(CODE)INTVEC=0-(_..X_INTVEC_SIZE-1)             #
#                            -Z(CODE)TINY_F=_..X_FLASH_BASE-FF                 #
#                            -Z(CODE)NEAR_F=_..X_FLASH_BASE-_..X_FLASH_END     #
#                            -Z(CODE)SWITCH=_..X_FLASH_BASE-_..X_FLASH_END     #
#                            -Z(CODE)INITTAB=_..X_FLASH_BASE-_..X_FLASH_END    #
#                            -Z(CODE)DIFUNCT=_..X_FLASH_BASE-_..X_FLASH_END    #
#                            -Z(CODE)CODE=_..X_FLASH_BASE-_..X_FLASH_END       #
#                            -Z(CODE)TINY_ID=_..X_FLASH_BASE-_..X_FLASH_END    #
#                            -Z(CODE)NEAR_ID=_..X_FLASH_BASE-_..X_FLASH_END    #
#                            -Z(CODE)CHECKSUM#_..X_FLASH_END                   #
#                            -Z(DATA)TINY_I,TINY_Z,TINY_N=_..X_SRAM_TBASE:+_.. #
#                            X_SRAM_TSIZE                                      #
#                            -Z(DATA)CSTACK+_..X_CSTACK_SIZE=_..X_SRAM_TBASE:+ #
#                            _..X_SRAM_TSIZE                                   #
#                            -Z(DATA)HEAP+_..X_HEAP_SIZE=_..X_SRAM_TBASE:+_..X #
#                            _SRAM_TSIZE                                       #
#                            -Z(DATA)IOSTREAM_N#_..X_SRAM_TBASE:+_..X_SRAM_TSI #
#                            ZE                                                #
#                            -Z(DATA)TINY_HEAP+_..X_TINY_HEAP_SIZE=_..X_SRAM_T #
#                            BASE:+_..X_SRAM_TSIZE                             #
#                            -Z(DATA)RSTACK+_..X_RSTACK_SIZE=_..X_RSTACK_BASE- #
#                            _..X_RSTACK_END                                   #
#                            -Z(DATA)NEAR_I,NEAR_Z=_..X_SRAM_BASE-_..X_SRAM_EN #
#                            D                                                 #
#                            -Z(DATA)NEAR_HEAP+_..X_NEAR_HEAP_SIZE=_..X_SRAM_B #
#                            ASE-_..X_SRAM_END                                 #
#                            -Z(DATA)NEAR_N=_..X_SRAM_BASE-_..X_SRAM_END       #
#                            -Z(XDATA)EEPROM_I,EEPROM_N=_..X_EEPROM_START-_..X #
#                            _EEPROM_END)                                      #
#                            -D_..X_FLASH_BASE=_..X_INTVEC_SIZE -H1895         #
#                            -h(CODE)0-(_..X_INTVEC_SIZE-1)                    #
#                            -D_..X_RSTACK_BASE=_..X_SRAM_BASE                 #
#                            -D_..X_RSTACK_END=_..X_SRAM_END                   #
#                            "-Ointel-extended=C:\Documents and Settings\Serg\ #
#                            SERG_DOCUM\_ÏÐÃÐÀÌÌÀ ÈÍÑÒÈÒÓÒ\LABORATOR_WORKS\Lab #
#                            _1_DIGIT_IO\Debug\Exe\Dig_IO.hex"                 #
#                            -s __program_start                                #
#                            "C:\Program Files\IAR Systems\Embedded Workbench  #
#                            4.0 Evaluation\avr\LIB\CLIB\cl1t-ec_mul.r90"      #
#                                                                              #
#                        Copyright 1987-2006 IAR Systems. All rights reserved. #
################################################################################





                ****************************************
                *                                      *
                *           CROSS REFERENCE            *
                *                                      *
                ****************************************

       Program entry at : CODE      00000000  Relocatable, from module : ?RESET




                ****************************************
                *                                      *
                *            RUNTIME MODEL             *
                *                                      *
                ****************************************

  __64bit_doubles = disabled
  __cpu           = 1
  __cpu_name      = ATmega8
  __enhanced_core = enabled
  __has_elpm      = false
  __memory_model  = 1
  __rt_version    = 3



                ****************************************
                *                                      *
                *              MODULE MAP              *
                *                                      *
                ****************************************


  DEFINED ABSOLUTE ENTRIES
  PROGRAM MODULE, NAME : ?ABS_ENTRY_MOD

Absolute parts
           ENTRY                   ADDRESS         REF BY
           =====                   =======         ======
           _..X_RSTACK_END         0000045F 
           _..X_RSTACK_BASE        00000060 
           _..X_FLASH_BASE         00000026 
           _..X_RSTACK_SIZE        00000020 
           _..X_CSTACK_SIZE        00000020 
           _..X_HUGE_HEAP_SIZE     00000000 
           _..X_FAR_HEAP_SIZE      00000000 
           _..X_NEAR_HEAP_SIZE     00000000 
           _..X_TINY_HEAP_SIZE     00000000 
           _..X_HEAP_SIZE          00000010 
           _..X_EEPROM_START       00000000 
           _..X_EEPROM_END         000001FF 
           _..X_EXT_NV_SIZE        00000000 
           _..X_EXT_NV_BASE        0000045F 
           _..X_EXT_ROM_SIZE       00000000 
           _..X_EXT_ROM_BASE       0000045F 
           _..X_EXT_SRAM_SIZE      00000000 
           _..X_EXT_SRAM_BASE      0000045F 
           _..X_SRAM_END           0000045F 
           _..X_SRAM_TSIZE         000000A0 
           _..X_SRAM_TBASE         00000060 
           _..X_SRAM_BASE          00000060 
           _..X_FLASH_END          00001FFF 
           _..X_FLASH_NEND         00001FFF 
           _..X_INTVEC_SIZE        00000026 
    *************************************************************************

  FILE NAME : C:\Documents and Settings\Serg\SERG_DOCUM\_ÏÐÃÐÀÌÌÀ ÈÍÑÒÈÒÓÒ\LABORATOR_WORKS\Lab_1_DIGIT_IO\Debug\Obj\main.r90
  PROGRAM MODULE, NAME : main

  SEGMENTS IN THE MODULE
  ======================
ABSOLUTE
  Relative segment, address: DATA 00000031 - 00000031 (0x1 bytes), align: 0
  Segment part 1. ROOT.
           ENTRY                   ADDRESS         REF BY
           =====                   =======         ======
           _A_DDRD                 00000031 
    -------------------------------------------------------------------------
ABSOLUTE
  Relative segment, address: DATA 00000032 - 00000032 (0x1 bytes), align: 0
  Segment part 2. ROOT.
           ENTRY                   ADDRESS         REF BY
           =====                   =======         ======
           _A_PORTD                00000032 
    -------------------------------------------------------------------------
ABSOLUTE
  Relative segment, address: DATA 00000035 - 00000035 (0x1 bytes), align: 0
  Segment part 3. ROOT.
           ENTRY                   ADDRESS         REF BY
           =====                   =======         ======
           _A_PORTC                00000035 
    -------------------------------------------------------------------------
ABSOLUTE
  Relative segment, address: DATA 00000038 - 00000038 (0x1 bytes), align: 0
  Segment part 4. ROOT.
           ENTRY                   ADDRESS         REF BY
           =====                   =======         ======
           _A_PORTB                00000038 
    -------------------------------------------------------------------------
CODE
  Relative segment, address: CODE 00000026 - 00000047 (0x22 bytes), align: 1
  Segment part 11.
           ENTRY                   ADDRESS         REF BY
           =====                   =======         ======
           main                    00000026        ?cstartup_call_main (?C_STARTUP)
               stack 1 = 00000000 ( 00000002 )
    -------------------------------------------------------------------------
CODE
  Relative segment, address: CODE 00000048 - 00000053 (0xc bytes), align: 1
  Segment part 12.            Intra module refs:   main
           LOCAL                   ADDRESS         
           =====                   =======         
           ?Subroutine0            00000048 
    -------------------------------------------------------------------------
ABSOLUTE
  Relative segment, address: DATA 0000001C, align: 0
  Segment part 5. ROOT.
           ENTRY                   ADDRESS         REF BY
           =====                   =======         ======
           __?EECR                 0000001C 
    -------------------------------------------------------------------------
ABSOLUTE
  Relative segment, address: DATA 0000001D, align: 0
  Segment part 6. ROOT.
           ENTRY                   ADDRESS         REF BY
           =====                   =======         ======
           __?EEDR                 0000001D 
    -------------------------------------------------------------------------
ABSOLUTE
  Relative segment, address: DATA 0000001E, align: 0
  Segment part 7. ROOT.
           ENTRY                   ADDRESS         REF BY
           =====                   =======         ======
           __?EEARL                0000001E 
    -------------------------------------------------------------------------
ABSOLUTE
  Relative segment, address: DATA 0000001F, align: 0
  Segment part 8. ROOT.
           ENTRY                   ADDRESS         REF BY
           =====                   =======         ======
           __?EEARH                0000001F 
    -------------------------------------------------------------------------
CSTACK
  Segment part 9. NOT NEEDED.
    -------------------------------------------------------------------------
RSTACK
  Segment part 10. NOT NEEDED.

    *************************************************************************

  FILE NAME : C:\Program Files\IAR Systems\Embedded Workbench 4.0 Evaluation\avr\LIB\CLIB\cl1t-ec_mul.r90
  LIBRARY MODULE, NAME : ?__exit

  SEGMENTS IN THE MODULE
  ======================
CODE
  Relative segment, address: CODE 00000054 - 00000059 (0x6 bytes), align: 1
  Segment part 0.
           ENTRY                   ADDRESS         REF BY
           =====                   =======         ======
           __exit                  00000056 
           ?C_EXIT                 00000056 
           ?C_FUNCALL              00000054 
           _exit                   00000054        ?cstartup_call_main (?C_STARTUP)
           exit                    00000054        ?cstartup_call_main (?C_STARTUP)

    -------------------------------------------------------------------------
  LIBRARY MODULE, NAME : ?RESET

  SEGMENTS IN THE MODULE
  ======================
INTVEC
  Common segment, address: CODE 00000000 - 00000001 (0x2 bytes), align: 1
  Segment part 0. ROOT.
           ENTRY                   ADDRESS         REF BY
           =====                   =======         ======
           __program_start         00000000        Absolute parts (?ABS_ENTRY_MOD)
           ?RESET                  00000000        Segment part 2 (?C_STARTUP)

    -------------------------------------------------------------------------
  LIBRARY MODULE, NAME : ?C_STARTUP

  SEGMENTS IN THE MODULE
  ======================
CSTACK
  Segment part 0. NOT NEEDED.
    -------------------------------------------------------------------------
RSTACK
  Segment part 1. NOT NEEDED.
    -------------------------------------------------------------------------
CODE
  Relative segment, address: CODE 0000005A, align: 1
  Segment part 2.
           ENTRY                   ADDRESS         REF BY
           =====                   =======         ======
           ?C_STARTUP              0000005A        Segment part 0 (?RESET)
           __RESTART               0000005A 
    -------------------------------------------------------------------------
CODE
  Segment part 3. NOT NEEDED.
           ENTRY                   ADDRESS         REF BY
           =====                   =======         ======
           __RSTACK_in_external_ram
                                   
    -------------------------------------------------------------------------
CODE
  Segment part 4. NOT NEEDED.
           ENTRY                   ADDRESS         REF BY
           =====                   =======         ======
           __RSTACK_in_external_ram_new_way
                                   
    -------------------------------------------------------------------------
CODE
  Relative segment, address: CODE 0000005A - 00000065 (0xc bytes), align: 1
  Segment part 5.             Intra module refs:   Segment part 2
    -------------------------------------------------------------------------
CODE
  Segment part 6. NOT NEEDED.
           ENTRY                   ADDRESS         REF BY
           =====                   =======         ======
           ?zero_reg_initialization
                                   
    -------------------------------------------------------------------------
CODE
  Relative segment, address: CODE 00000066 - 00000067 (0x2 bytes), align: 1
  Segment part 7.             Intra module refs:   Segment part 5
           ENTRY                   ADDRESS         REF BY
           =====                   =======         ======
           ?call_low_level_init    00000066 
    -------------------------------------------------------------------------
CODE
  Segment part 8. NOT NEEDED.
           ENTRY                   ADDRESS         REF BY
           =====                   =======         ======
           ?need_segment_init      
    -------------------------------------------------------------------------
CODE
  Relative segment, address: CODE 00000068 - 0000006D (0x6 bytes), align: 1
  Segment part 9.             Intra module refs:   ?call_low_level_init
           ENTRY                   ADDRESS         REF BY
           =====                   =======         ======
           ?cstartup_call_main     00000068 

    -------------------------------------------------------------------------
  LIBRARY MODULE, NAME : ?low_level_init

  SEGMENTS IN THE MODULE
  ======================
CODE
  Relative segment, address: CODE 0000006E - 00000071 (0x4 bytes), align: 1
  Segment part 3.
           ENTRY                   ADDRESS         REF BY
           =====                   =======         ======
           __low_level_init        0000006E        ?call_low_level_init (?C_STARTUP)
               stack 1 = 00000000 ( 00000002 )
    -------------------------------------------------------------------------
CSTACK
  Segment part 1. NOT NEEDED.
    -------------------------------------------------------------------------
RSTACK
  Segment part 2. NOT NEEDED.

    -------------------------------------------------------------------------
  LIBRARY MODULE, NAME : ?segment_init

  SEGMENTS IN THE MODULE
  ======================
CODE
  Segment part 3. NOT NEEDED.
           LOCAL                   ADDRESS         
           =====                   =======         
           __memclr                
               not allocated function
    -------------------------------------------------------------------------
CODE
  Segment part 4. NOT NEEDED.
           LOCAL                   ADDRESS         
           =====                   =======         
           __flashcpy              
               not allocated function
    -------------------------------------------------------------------------
CODE
  Segment part 5. NOT NEEDED.
    -------------------------------------------------------------------------
CODE
  Segment part 6. NOT NEEDED.
           ENTRY                   ADDRESS         REF BY
           =====                   =======         ======
           __segment_init          
               calls direct
               not allocated function
    -------------------------------------------------------------------------
CSTACK
  Segment part 1. NOT NEEDED.
    -------------------------------------------------------------------------
RSTACK
  Segment part 2. NOT NEEDED.
    -------------------------------------------------------------------------
INITTAB
  Segment part 7. NOT NEEDED.

    *************************************************************************

  DEFINED ABSOLUTE ENTRIES
  PROGRAM MODULE, NAME : ?FILLER_BYTES

  SEGMENTS IN THE MODULE
  ======================
INTVEC
  Common segment, address: CODE 00000000 - 00000001 (0x2 bytes), align: 0
  Segment part 1.
    -------------------------------------------------------------------------
?FILL1
  Relative segment, address: CODE 00000002 - 00000025 (0x24 bytes), align: 0
  Segment part 0.




                ****************************************
                *                                      *
                *            MODULE SUMMARY            *
                *                                      *
                ****************************************

Module               CODE      DATA
------               ----      ----
                    (Rel)  (Rel)  (Abs)
?C_STARTUP             20
?FILLER_BYTES          36
  + common              2
?RESET
  + common              2
?__exit                 6
?low_level_init         4
main                   46             4
N/A (command line)            64
N/A (alignment)
----------            ---     --      -
Total:                112     64      4
  + common              2


                ****************************************
                *                                      *
                *              CALL GRAPH              *
                *                                      *
                ****************************************

  ->Sub-tree of type: Function tree
                             RSTACK
    | Stack used (prev) :  00000000
  01  main
      | Stack used (prev) :  00000000
      | + function block  :  00000002
  <-Sub-tree of type: Function tree
    | Stack used          :  00000002


  ->Sub-tree of type: Function tree
                             RSTACK
    | Stack used (prev) :  00000002
  01  __low_level_init
      | Stack used (prev) :  00000002
      | + function block  :  00000002
  <-Sub-tree of type: Function tree
    | Stack used          :  00000004




                ****************************************
                *                                      *
                *      SEGMENTS IN ADDRESS ORDER       *
                *                                      *
                ****************************************


SEGMENT              SPACE    START ADDRESS   END ADDRESS     SIZE  TYPE  ALIGN
=======              =====    =============   ===========     ====  ====  =====
INTVEC               CODE          00000000 - 00000001           2   com    1
?FILL1               CODE          00000002 - 00000025          24   rel    0
CODE                 CODE          00000026 - 00000071          4C   rel    1
ABSOLUTE             DATA               0000001C                     rel    0
                     DATA               0000001D                   
                     DATA               0000001E                   
                     DATA               0000001F                   
                     DATA          00000031 - 00000032           2 
                     DATA          00000035 - 00000035           1 
                     DATA          00000038 - 00000038           1 
CSTACK               DATA          00000060 - 0000007F          20   dse    0
RSTACK               DATA          00000080 - 0000009F          20   dse    0

                ****************************************
                *                                      *
                *        END OF CROSS REFERENCE        *
                *                                      *
                ****************************************

 78 bytes of CODE memory (+            36 range fill )
 64 bytes of DATA memory (+ 4 absolute )

Errors: none
Warnings: none

